------------------------------------------------------------
Timing Analyzer Summary
------------------------------------------------------------

Type  : Slow 1200mV 85C Model Setup 'CLK_Divider:clkdiv|output_clk'
Slack : -4.455
TNS   : -26.119

Type  : Slow 1200mV 85C Model Setup 'clk1'
Slack : -2.360
TNS   : -63.646

Type  : Slow 1200mV 85C Model Setup 'TopSC'
Slack : -2.140
TNS   : -15.817

Type  : Slow 1200mV 85C Model Setup 'TopD'
Slack : -2.066
TNS   : -13.759

Type  : Slow 1200mV 85C Model Hold 'TopD'
Slack : 0.367
TNS   : 0.000

Type  : Slow 1200mV 85C Model Hold 'TopSC'
Slack : 0.403
TNS   : 0.000

Type  : Slow 1200mV 85C Model Hold 'clk1'
Slack : 0.544
TNS   : 0.000

Type  : Slow 1200mV 85C Model Hold 'CLK_Divider:clkdiv|output_clk'
Slack : 2.694
TNS   : 0.000

Type  : Slow 1200mV 85C Model Minimum Pulse Width 'clk1'
Slack : -3.000
TNS   : -38.438

Type  : Slow 1200mV 85C Model Minimum Pulse Width 'TopD'
Slack : -3.000
TNS   : -3.000

Type  : Slow 1200mV 85C Model Minimum Pulse Width 'TopSC'
Slack : -3.000
TNS   : -3.000

Type  : Slow 1200mV 85C Model Minimum Pulse Width 'CLK_Divider:clkdiv|output_clk'
Slack : -1.222
TNS   : -9.776

Type  : Slow 1200mV 0C Model Setup 'CLK_Divider:clkdiv|output_clk'
Slack : -3.996
TNS   : -23.287

Type  : Slow 1200mV 0C Model Setup 'clk1'
Slack : -2.091
TNS   : -56.021

Type  : Slow 1200mV 0C Model Setup 'TopSC'
Slack : -1.994
TNS   : -14.152

Type  : Slow 1200mV 0C Model Setup 'TopD'
Slack : -1.927
TNS   : -12.365

Type  : Slow 1200mV 0C Model Hold 'TopD'
Slack : 0.312
TNS   : 0.000

Type  : Slow 1200mV 0C Model Hold 'TopSC'
Slack : 0.344
TNS   : 0.000

Type  : Slow 1200mV 0C Model Hold 'clk1'
Slack : 0.500
TNS   : 0.000

Type  : Slow 1200mV 0C Model Hold 'CLK_Divider:clkdiv|output_clk'
Slack : 2.467
TNS   : 0.000

Type  : Slow 1200mV 0C Model Minimum Pulse Width 'clk1'
Slack : -3.000
TNS   : -38.438

Type  : Slow 1200mV 0C Model Minimum Pulse Width 'TopD'
Slack : -3.000
TNS   : -3.000

Type  : Slow 1200mV 0C Model Minimum Pulse Width 'TopSC'
Slack : -3.000
TNS   : -3.000

Type  : Slow 1200mV 0C Model Minimum Pulse Width 'CLK_Divider:clkdiv|output_clk'
Slack : -1.222
TNS   : -9.776

Type  : Fast 1200mV 0C Model Setup 'CLK_Divider:clkdiv|output_clk'
Slack : -2.311
TNS   : -13.268

Type  : Fast 1200mV 0C Model Setup 'clk1'
Slack : -0.561
TNS   : -14.301

Type  : Fast 1200mV 0C Model Setup 'TopD'
Slack : -0.549
TNS   : -3.246

Type  : Fast 1200mV 0C Model Setup 'TopSC'
Slack : -0.545
TNS   : -3.446

Type  : Fast 1200mV 0C Model Hold 'TopSC'
Slack : -0.042
TNS   : -0.042

Type  : Fast 1200mV 0C Model Hold 'TopD'
Slack : 0.002
TNS   : 0.000

Type  : Fast 1200mV 0C Model Hold 'clk1'
Slack : 0.247
TNS   : 0.000

Type  : Fast 1200mV 0C Model Hold 'CLK_Divider:clkdiv|output_clk'
Slack : 1.856
TNS   : 0.000

Type  : Fast 1200mV 0C Model Minimum Pulse Width 'clk1'
Slack : -3.000
TNS   : -32.981

Type  : Fast 1200mV 0C Model Minimum Pulse Width 'TopD'
Slack : -3.000
TNS   : -3.000

Type  : Fast 1200mV 0C Model Minimum Pulse Width 'TopSC'
Slack : -3.000
TNS   : -3.000

Type  : Fast 1200mV 0C Model Minimum Pulse Width 'CLK_Divider:clkdiv|output_clk'
Slack : -1.000
TNS   : -8.000

------------------------------------------------------------
